// Jest Snapshot v1, https://goo.gl/fbAQLP

exports[`renders correctly 1`] = `
<View>
  <RCTSafeAreaView
    emulateUnlessSupported={true}
  >
    <TextInput
      allowFontScaling={true}
      onChangeText={[Function]}
      placeholder="Search currency here or currency symbol here"
      rejectResponderTermination={true}
      style={
        Object {
          "marginHorizontal": 16,
          "paddingVertical": 8,
        }
      }
      underlineColorAndroid="transparent"
    />
    <RCTScrollView
      ItemSeparatorComponent={[Function]}
      ListHeaderComponent={[Function]}
      ListHeaderComponentStyle={
        Object {
          "borderBottomColor": "grey",
          "borderBottomWidth": 0.5,
        }
      }
      data={null}
      disableVirtualization={false}
      getItem={[Function]}
      getItemCount={[Function]}
      horizontal={false}
      initialNumToRender={5}
      keyExtractor={[Function]}
      maxToRenderPerBatch={10}
      onContentSizeChange={[Function]}
      onEndReachedThreshold={2}
      onLayout={[Function]}
      onMomentumScrollEnd={[Function]}
      onScroll={[Function]}
      onScrollBeginDrag={[Function]}
      onScrollEndDrag={[Function]}
      removeClippedSubviews={false}
      renderItem={[Function]}
      scrollEventThrottle={50}
      stickyHeaderIndices={Array []}
      updateCellsBatchingPeriod={50}
      viewabilityConfigCallbackPairs={Array []}
      windowSize={21}
    >
      <View>
        <View
          onLayout={[Function]}
          style={
            Object {
              "borderBottomColor": "grey",
              "borderBottomWidth": 0.5,
            }
          }
        >
          <View
            style={
              Object {
                "backgroundColor": "#F0F8FF",
                "flex": 1,
                "flexDirection": "row",
                "justifyContent": "space-between",
                "paddingHorizontal": 16,
                "paddingVertical": 10,
                "width": "100%",
              }
            }
          >
            <Text
              style={
                Object {
                  "width": 50,
                }
              }
            >
              #
            </Text>
            <Text
              numberOfLines={1}
              style={
                Object {
                  "flex": 1,
                  "textAlign": "left",
                }
              }
            >
              SYMBOL
            </Text>
            <Text
              numberOfLines={1}
              style={
                Object {
                  "flex": 3,
                  "textAlign": "left",
                }
              }
            >
              NAME
            </Text>
          </View>
        </View>
      </View>
    </RCTScrollView>
  </RCTSafeAreaView>
</View>
`;
